CCS PCM C Compiler, Version 5.049, 5967               21-dez-23 18:23

               Filename:   C:\Users\Rodrigo\Documents\receptor-12f675\receptor-HT6P20B-12F675\receptor-12f675-ht6p20b.lst

               ROM used:   468 words (46%)
                           Largest free fragment is 556
               RAM used:   16 (25%) at main() level
                           21 (33%) worst case
               Stack used: 0 locations
               Stack size: 8

*
0000:  MOVLW  01
0001:  MOVWF  0A
0002:  GOTO   004
0003:  NOP
0004:  CALL   3FF
0005:  BSF    03.5
0006:  MOVWF  10
0007:  MOVLW  00
0008:  MOVWF  0A
0009:  GOTO   18A
.................... #include<12F675.h> 
.................... //////////// Standard Header file for the PIC12F675 device //////////////// 
.................... /////////////////////////////////////////////////////////////////////////// 
.................... ////        (C) Copyright 1996, 2014 Custom Computer Services          //// 
.................... //// This source code may only be used by licensed users of the CCS C  //// 
.................... //// compiler.  This source code may only be distributed to other      //// 
.................... //// licensed users of the CCS C compiler.  No other use, reproduction //// 
.................... //// or distribution is permitted without written permission.          //// 
.................... //// Derivative programs created using this software in object code    //// 
.................... //// form are not restricted in any way.                               //// 
.................... /////////////////////////////////////////////////////////////////////////// 
.................... #device PIC12F675 
....................  
.................... #list 
....................  
.................... //#device adc=8 
....................  
.................... #FUSES NOWDT                    //No Watch Dog Timer 
.................... #FUSES INTRC_IO                 //Internal RC Osc, no CLKOUT 
.................... #FUSES NOCPD                    //No EE protection 
.................... #FUSES PROTECT                  //Code protected from reads 
.................... #FUSES NOMCLR                   //Master Clear pin used for I/O 
.................... #FUSES PUT                      //Power Up Timer 
.................... #FUSES NOBROWNOUT               //No brownout reset 
....................  
.................... #use delay(clock=4000000) 
000A:  MOVLW  33
000B:  MOVWF  04
000C:  MOVF   00,W
000D:  BTFSC  03.2
000E:  GOTO   01D
000F:  MOVLW  01
0010:  MOVWF  21
0011:  CLRF   20
0012:  DECFSZ 20,F
0013:  GOTO   012
0014:  DECFSZ 21,F
0015:  GOTO   011
0016:  MOVLW  4A
0017:  MOVWF  20
0018:  DECFSZ 20,F
0019:  GOTO   018
001A:  GOTO   01B
001B:  DECFSZ 00,F
001C:  GOTO   00F
001D:  RETURN
....................  
.................... //#ignore_warnings 203,202  //desconsidera mensagem de 'condition always true' 
....................  
.................... #ZERO_RAM 
.................... #use fast_io(a) 
.................... #byte gpio=0x05 
.................... //#bit LEDG=0x05.4//pino A4 led  
.................... #bit RF  =0x05.3//entrada do sinal de RF pino 4 
.................... #define NBIT 28 // numero de bits 
.................... #define T_basico 500 //tempo basico (pulso inicial da transmissão)  
.................... #define t_intervalo 400 // intervalo entre transmissões (400 a 5000)  
.................... #ROM  0X3FF = {0X3460} 
....................  
.................... #define liga PIN_A5 
.................... #define botao PIN_A0 
....................  
.................... int1 LEDG; 
.................... int32 buffer=0; //buffer de dados a receber 
.................... int32 bufferx=0;//buffer de copia da transmissão anterior 
.................... int16 timerx=0; 
.................... void testa_lrn(); //prototipo 
....................   int a=0; 
....................  
.................... //============================================================================== 
.................... //          Rotina para captura de bits enviados pelo tx (ht6p20b) 
.................... //============================================================================== 
....................  
.................... int1 get_htp(void)  
001E:  CLRF   30
....................  { 
....................      
....................    int8  x=0; 
....................    buffer=0; 
001F:  CLRF   28
0020:  CLRF   27
0021:  CLRF   26
0022:  CLRF   25
....................    while(!RF) 
0023:  BTFSC  05.3
0024:  GOTO   030
....................    { 
....................   
....................      if(!++timerx)  
0025:  INCF   2D,F
0026:  BTFSC  03.2
0027:  INCF   2E,F
0028:  MOVF   2D,W
0029:  IORWF  2E,W
002A:  BTFSS  03.2
002B:  GOTO   02F
....................         return false; 
002C:  MOVLW  00
002D:  MOVWF  21
002E:  GOTO   070
002F:  GOTO   023
....................    } 
....................  
....................   if(timerx>t_intervalo)//  intervalo entre transmissões (23te x pulso basico) 
0030:  MOVF   2E,W
0031:  SUBLW  00
0032:  BTFSC  03.0
0033:  GOTO   06E
0034:  XORLW  FF
0035:  BTFSS  03.2
0036:  GOTO   03B
0037:  MOVF   2D,W
0038:  SUBLW  90
0039:  BTFSC  03.0
003A:  GOTO   06E
....................     {  
....................  
....................       for(x=0;x<NBIT-1;x++) 
003B:  CLRF   30
003C:  MOVF   30,W
003D:  SUBLW  1A
003E:  BTFSS  03.0
003F:  GOTO   06A
....................         { 
....................          while(RF)  
0040:  BTFSC  05.3
....................          { 
0041:  GOTO   040
....................           
....................          } 
....................          delay_us(T_basico/2);//meio t_basico 
0042:  MOVLW  53
0043:  MOVWF  20
0044:  DECFSZ 20,F
0045:  GOTO   044
....................  
....................          if(RF){ 
0046:  BTFSS  05.3
0047:  GOTO   04B
....................          return FALSE; 
0048:  MOVLW  00
0049:  MOVWF  21
004A:  GOTO   070
....................          } 
....................  
....................          delay_us(T_basico); 
004B:  MOVLW  A6
004C:  MOVWF  20
004D:  DECFSZ 20,F
004E:  GOTO   04D
004F:  NOP
....................  
....................          if(!RF) { 
0050:  BTFSC  05.3
0051:  GOTO   059
....................          buffer|=0x08000000; 
0052:  BSF    28.3
....................          buffer>>=1; 
0053:  BCF    03.0
0054:  RRF    28,F
0055:  RRF    27,F
0056:  RRF    26,F
0057:  RRF    25,F
....................          } 
0058:  GOTO   05E
....................          else buffer>>=1; 
0059:  BCF    03.0
005A:  RRF    28,F
005B:  RRF    27,F
005C:  RRF    26,F
005D:  RRF    25,F
....................  
....................          delay_us(T_basico); 
005E:  MOVLW  A6
005F:  MOVWF  20
0060:  DECFSZ 20,F
0061:  GOTO   060
0062:  NOP
....................  
....................          if(!RF){  return FALSE; } 
0063:  BTFSC  05.3
0064:  GOTO   068
0065:  MOVLW  00
0066:  MOVWF  21
0067:  GOTO   070
0068:  INCF   30,F
0069:  GOTO   03C
....................       } 
....................  
....................       return TRUE; 
006A:  MOVLW  01
006B:  MOVWF  21
006C:  GOTO   070
....................    } 
006D:  GOTO   070
....................  
....................    else return FALSE; 
006E:  MOVLW  00
006F:  MOVWF  21
.................... } 
....................  
....................  
.................... //============================================================================== 
.................... //          Rotina de pesquisa por controle gravado na eeprom 
.................... //============================================================================== 
.................... int1 procura() 
.................... { 
....................  
....................   int8 a; 
....................   for(a=0;a<126;a+=3){ 
*
0090:  CLRF   32
0091:  MOVF   32,W
0092:  SUBLW  7D
0093:  BTFSS  03.0
0094:  GOTO   0C5
....................     if(make8(buffer,2)!=read_eeprom(a)) continue ;//achou o primeiro byte? 
0095:  MOVF   27,W
0096:  MOVWF  33
0097:  MOVF   32,W
0098:  BSF    03.5
0099:  MOVWF  1B
009A:  BCF    1C.7
009B:  BSF    1C.0
009C:  MOVF   1A,W
009D:  BCF    03.5
009E:  SUBWF  33,W
009F:  BTFSS  03.2
00A0:  GOTO   0C2
....................     if(make8(buffer,1)!=read_eeprom(a+1))continue ;//achou o segundo byte? 
00A1:  MOVF   26,W
00A2:  MOVWF  33
00A3:  MOVLW  01
00A4:  ADDWF  32,W
00A5:  MOVWF  34
00A6:  MOVF   34,W
00A7:  BSF    03.5
00A8:  MOVWF  1B
00A9:  BCF    1C.7
00AA:  BSF    1C.0
00AB:  MOVF   1A,W
00AC:  BCF    03.5
00AD:  SUBWF  33,W
00AE:  BTFSS  03.2
00AF:  GOTO   0C2
....................     if(make8(buffer,0)!=read_eeprom(a+2))continue ;//achou o terceiro byte? 
00B0:  MOVF   25,W
00B1:  MOVWF  33
00B2:  MOVLW  02
00B3:  ADDWF  32,W
00B4:  MOVWF  34
00B5:  MOVF   34,W
00B6:  BSF    03.5
00B7:  MOVWF  1B
00B8:  BCF    1C.7
00B9:  BSF    1C.0
00BA:  MOVF   1A,W
00BB:  BCF    03.5
00BC:  SUBWF  33,W
00BD:  BTFSS  03.2
00BE:  GOTO   0C2
....................     return true;//sim! Os tres! 
00BF:  MOVLW  01
00C0:  MOVWF  21
00C1:  GOTO   0C7
00C2:  MOVLW  03
00C3:  ADDWF  32,F
00C4:  GOTO   091
....................   } 
....................   return false;//não! 
00C5:  MOVLW  00
00C6:  MOVWF  21
.................... } 
....................  
.................... //============================================================================== 
.................... //    Rotina para obter o endereço que deve ser gravado o novo controle 
.................... //============================================================================== 
....................  
.................... int8 end_gravar(){ 
....................   int8 a; 
....................  
....................    for(a=0;a<126;a+=3){ 
*
00E8:  CLRF   33
00E9:  MOVF   33,W
00EA:  SUBLW  7D
00EB:  BTFSS  03.0
00EC:  GOTO   119
....................     if(read_eeprom(a)!=0xff) continue ;//byte livre? 
00ED:  MOVF   33,W
00EE:  BSF    03.5
00EF:  MOVWF  1B
00F0:  BCF    1C.7
00F1:  BSF    1C.0
00F2:  MOVF   1A,W
00F3:  SUBLW  FF
00F4:  BTFSS  03.2
00F5:  GOTO   115
....................     if(read_eeprom(a+1)!=0xff) continue ;//byte livre? 
00F6:  MOVLW  01
00F7:  BCF    03.5
00F8:  ADDWF  33,W
00F9:  MOVWF  34
00FA:  MOVF   34,W
00FB:  BSF    03.5
00FC:  MOVWF  1B
00FD:  BCF    1C.7
00FE:  BSF    1C.0
00FF:  MOVF   1A,W
0100:  SUBLW  FF
0101:  BTFSS  03.2
0102:  GOTO   115
....................     if(read_eeprom(a+2)!=0xff) continue ;//byte livre? 
0103:  MOVLW  02
0104:  BCF    03.5
0105:  ADDWF  33,W
0106:  MOVWF  34
0107:  MOVF   34,W
0108:  BSF    03.5
0109:  MOVWF  1B
010A:  BCF    1C.7
010B:  BSF    1C.0
010C:  MOVF   1A,W
010D:  SUBLW  FF
010E:  BTFSS  03.2
010F:  GOTO   115
....................     return a;//retorna o endereço inicial de 3 bytes livres 
0110:  BCF    03.5
0111:  MOVF   33,W
0112:  MOVWF  21
0113:  GOTO   11B
0114:  BSF    03.5
0115:  MOVLW  03
0116:  BCF    03.5
0117:  ADDWF  33,F
0118:  GOTO   0E9
....................    } 
....................    return 0xff;//memória cheia 
0119:  MOVLW  FF
011A:  MOVWF  21
.................... } 
....................  
.................... //============================================================================== 
.................... //    Rotina de gravação na EEprom do novo controle 
.................... //============================================================================== 
....................  
....................  
.................... int8 gravar() 
.................... { 
....................  
....................   int8 adr; 
....................   adr=end_gravar(); 
011B:  MOVF   21,W
011C:  MOVWF  32
....................   if(!(adr+1)){return 0xff;}//não grava pois memória está cheia 
011D:  MOVLW  01
011E:  ADDWF  32,W
011F:  BTFSS  03.2
0120:  GOTO   125
0121:  MOVLW  FF
0122:  MOVWF  21
0123:  GOTO   179
0124:  GOTO   179
....................   else{ 
....................   write_eeprom(adr,make8(buffer,2));//grava o primeiro byte 
0125:  MOVF   27,W
0126:  MOVWF  33
0127:  MOVF   0B,W
0128:  MOVWF  20
0129:  BCF    0B.7
012A:  MOVF   32,W
012B:  BSF    03.5
012C:  MOVWF  1B
012D:  BCF    03.5
012E:  MOVF   27,W
012F:  BSF    03.5
0130:  MOVWF  1A
0131:  BCF    1C.7
0132:  BSF    1C.2
0133:  MOVLW  55
0134:  MOVWF  1D
0135:  MOVLW  AA
0136:  MOVWF  1D
0137:  BSF    1C.1
0138:  BTFSC  1C.1
0139:  GOTO   138
013A:  BCF    1C.2
013B:  BCF    03.5
013C:  MOVF   20,W
013D:  IORWF  0B,F
....................   write_eeprom(adr+1,make8(buffer,1));//grava o segundo byte 
013E:  MOVLW  01
013F:  ADDWF  32,W
0140:  MOVWF  33
0141:  MOVF   26,W
0142:  MOVWF  34
0143:  MOVF   0B,W
0144:  MOVWF  20
0145:  BCF    0B.7
0146:  MOVF   33,W
0147:  BSF    03.5
0148:  MOVWF  1B
0149:  BCF    03.5
014A:  MOVF   26,W
014B:  BSF    03.5
014C:  MOVWF  1A
014D:  BCF    1C.7
014E:  BSF    1C.2
014F:  MOVLW  55
0150:  MOVWF  1D
0151:  MOVLW  AA
0152:  MOVWF  1D
0153:  BSF    1C.1
0154:  BTFSC  1C.1
0155:  GOTO   154
0156:  BCF    1C.2
0157:  BCF    03.5
0158:  MOVF   20,W
0159:  IORWF  0B,F
....................   write_eeprom(adr+2,make8(buffer,0));//grava o terceiro byte 
015A:  MOVLW  02
015B:  ADDWF  32,W
015C:  MOVWF  33
015D:  MOVF   25,W
015E:  MOVWF  34
015F:  MOVF   0B,W
0160:  MOVWF  20
0161:  BCF    0B.7
0162:  MOVF   33,W
0163:  BSF    03.5
0164:  MOVWF  1B
0165:  BCF    03.5
0166:  MOVF   25,W
0167:  BSF    03.5
0168:  MOVWF  1A
0169:  BCF    1C.7
016A:  BSF    1C.2
016B:  MOVLW  55
016C:  MOVWF  1D
016D:  MOVLW  AA
016E:  MOVWF  1D
016F:  BSF    1C.1
0170:  BTFSC  1C.1
0171:  GOTO   170
0172:  BCF    1C.2
0173:  BCF    03.5
0174:  MOVF   20,W
0175:  IORWF  0B,F
....................   disable_interrupts(INT_TIMER0); 
0176:  BCF    0B.5
....................   return 0x00;//ok 
0177:  MOVLW  00
0178:  MOVWF  21
....................   } 
....................    
.................... } 
....................  
.................... //============================================================================== 
.................... //          Rotina de tratamento do tx recebido 
.................... //============================================================================== 
....................  
.................... void action() 
....................  { 
....................   
....................   if(procura()) //se tx foi encontrado na eeprom vai acionar as saídas 
*
00C7:  MOVF   21,F
00C8:  BTFSC  03.2
00C9:  GOTO   0E6
....................   { 
....................    int8 aux; 
....................    
....................    aux= make8(buffer,2); 
00CA:  MOVF   27,W
00CB:  MOVWF  30
....................     
....................     if((bit_test(aux,7))&&(bit_test(aux,6))||(bit_test(aux,7))||(bit_test(aux,6))) 
00CC:  BTFSS  30.7
00CD:  GOTO   0D0
00CE:  BTFSC  30.6
00CF:  GOTO   0D4
00D0:  BTFSC  30.7
00D1:  GOTO   0D4
00D2:  BTFSS  30.6
00D3:  GOTO   0E4
....................     { 
....................            
....................         for(int i = 0; i < 50; i++){ 
00D4:  CLRF   31
00D5:  MOVF   31,W
00D6:  SUBLW  31
00D7:  BTFSS  03.0
00D8:  GOTO   0E2
....................           output_toggle(liga);  
00D9:  MOVLW  20
00DA:  XORWF  05,F
....................             output_toggle(pin_a4);  
00DB:  MOVLW  10
00DC:  XORWF  05,F
....................             delay_ms(30); 
00DD:  MOVLW  1E
00DE:  MOVWF  33
00DF:  CALL   00A
00E0:  INCF   31,F
00E1:  GOTO   0D5
....................         } 
....................          output_low(liga);    
00E2:  BCF    05.5
....................           output_high(pin_a4); 
00E3:  BSF    05.4
....................     } 
....................    
....................     LEDG=0; 
00E4:  BCF    24.0
....................  } 
00E5:  GOTO   185
....................     
....................   else{ 
....................    
....................    if(LEDG) 
00E6:  BTFSS  24.0
00E7:  GOTO   185
....................    { 
....................       if(!gravar()) //gravação ok, led learn apaga 
*
0179:  MOVF   21,F
017A:  BTFSS  03.2
017B:  GOTO   185
....................       {  
....................         LEDG=0;  
017C:  BCF    24.0
....................         output_high(pin_a4); 
017D:  BSF    05.4
....................         delay_ms(300); 
017E:  MOVLW  02
017F:  MOVWF  32
0180:  MOVLW  96
0181:  MOVWF  33
0182:  CALL   00A
0183:  DECFSZ 32,F
0184:  GOTO   180
....................       } 
....................    } 
....................   } 
....................  
.................... }  
....................   
.................... //============================================================================== 
.................... //         Rotina de recepção do tx comparando 2 recepções consecutivas 
.................... //============================================================================== 
....................  
....................  
.................... void recebe_tx() 
.................... {  
....................    static int1 fr; 
....................     if(get_htp()) 
*
0070:  MOVF   21,F
0071:  BTFSC  03.2
0072:  GOTO   189
....................      { 
....................       if(!fr) //salva a primeira recepção 
0073:  BTFSC  24.1
0074:  GOTO   07F
....................       { 
....................         bufferx=buffer;  
0075:  MOVF   28,W
0076:  MOVWF  2C
0077:  MOVF   27,W
0078:  MOVWF  2B
0079:  MOVF   26,W
007A:  MOVWF  2A
007B:  MOVF   25,W
007C:  MOVWF  29
....................         fr=1; 
007D:  BSF    24.1
....................       } 
007E:  GOTO   189
....................       else 
....................       { 
....................          fr=0; 
007F:  BCF    24.1
....................          if(bufferx==buffer) 
0080:  MOVF   25,W
0081:  SUBWF  29,W
0082:  BTFSS  03.2
0083:  GOTO   189
0084:  MOVF   26,W
0085:  SUBWF  2A,W
0086:  BTFSS  03.2
0087:  GOTO   189
0088:  MOVF   27,W
0089:  SUBWF  2B,W
008A:  BTFSS  03.2
008B:  GOTO   189
008C:  MOVF   28,W
008D:  SUBWF  2C,W
008E:  BTFSS  03.2
008F:  GOTO   189
....................             {  
....................                action();  
....................                bufferx=0;  
*
0185:  CLRF   2C
0186:  CLRF   2B
0187:  CLRF   2A
0188:  CLRF   29
....................             }//compara a primeira com a segunda 
....................       } 
....................     } 
0189:  GOTO   1D1 (RETURN)
.................... } 
....................  
....................  
....................  
....................  
....................  
.................... //============================================================================== 
.................... //         IMER0 CONTAGEM DO BOTÃO PROG 
.................... //============================================================================== 
....................  
....................  
.................... //============================================================================== 
.................... //          Rotina principal 
.................... //============================================================================== 
....................  
....................  
.................... void main() 
018A:  MOVF   03,W
018B:  ANDLW  1F
018C:  MOVWF  03
018D:  MOVLW  3F
018E:  MOVWF  20
018F:  MOVLW  21
0190:  MOVWF  04
0191:  BCF    03.7
0192:  CLRF   00
0193:  INCF   04,F
0194:  DECFSZ 20,F
0195:  GOTO   192
0196:  CLRF   20
0197:  CLRF   28
0198:  CLRF   27
0199:  CLRF   26
019A:  CLRF   25
019B:  CLRF   2C
019C:  CLRF   2B
019D:  CLRF   2A
019E:  CLRF   29
019F:  CLRF   2E
01A0:  CLRF   2D
01A1:  CLRF   2F
01A2:  BCF    1F.6
01A3:  BSF    03.5
01A4:  BCF    1F.0
01A5:  BCF    1F.1
01A6:  BCF    1F.2
01A7:  BCF    1F.3
01A8:  MOVLW  07
01A9:  BCF    03.5
01AA:  MOVWF  19
.................... { 
....................  set_tris_a(0b001001); 
01AB:  MOVLW  09
01AC:  BSF    03.5
01AD:  MOVWF  05
....................  output_low(liga); //desliga saida 
01AE:  BCF    03.5
01AF:  BCF    05.5
....................  output_high(pin_a4); //desliga led 
01B0:  BSF    05.4
....................  
....................    setup_adc_ports(NO_ANALOGS|VSS_VDD); 
01B1:  BCF    1F.6
01B2:  BSF    03.5
01B3:  BCF    1F.0
01B4:  BCF    1F.1
01B5:  BCF    1F.2
01B6:  BCF    1F.3
....................    setup_adc(ADC_CLOCK_DIV_2); 
01B7:  BCF    1F.4
01B8:  BCF    1F.5
01B9:  BCF    1F.6
01BA:  BCF    03.5
01BB:  BCF    1F.7
01BC:  BSF    1F.0
....................    setup_timer_0(RTCC_INTERNAL|RTCC_DIV_256); 
01BD:  BSF    03.5
01BE:  MOVF   01,W
01BF:  ANDLW  C0
01C0:  IORLW  07
01C1:  MOVWF  01
....................    setup_timer_1(T1_INTERNAL|T1_DIV_BY_8); 
01C2:  MOVLW  35
01C3:  BCF    03.5
01C4:  MOVWF  10
....................   // setup_ccp1(CCP_OFF); 
....................   // setup_comparator(NC_NC); 
....................    setup_vref(FALSE); 
01C5:  BSF    03.5
01C6:  CLRF   19
....................    
....................    LEDG=0;    
01C7:  BCF    03.5
01C8:  BCF    24.0
....................  
....................  
....................  
....................  
....................  
....................  
....................  
....................  
.................... //============================================================================== 
.................... //           Loop principal 
.................... //============================================================================== 
....................  
....................    while(true) 
....................    {     
....................     if(input(botao)) 
01C9:  BTFSS  05.0
01CA:  GOTO   1D0
....................       { 
....................          LEDG = 1; 
01CB:  BSF    24.0
....................          output_low(pin_a4); 
01CC:  BCF    05.4
....................          delay_ms(200); 
01CD:  MOVLW  C8
01CE:  MOVWF  33
01CF:  CALL   00A
....................       } 
....................      recebe_tx();//verifica se houve uma recepção de tx       
01D0:  GOTO   01E
01D1:  GOTO   1C9
....................    } 
.................... } 
01D2:  SLEEP

Configuration Fuses:
   Word  1: 1104   INTRC_IO NOWDT PUT NOMCLR NOBROWNOUT PROTECT NOCPD

ROM data:
0003FF: 3460 
